// Jest Snapshot v1, https://goo.gl/fbAQLP

exports[`Testing Navbar snapshot renders correctly 1`] = `ShallowWrapper {}`;
